5|OK
84|OK
4294967295|OK
3|OK
12|OK
200|OK
OK
OK
OK
