$
.find_me0$
.find_me1$
.find_me2$
find_.sh_me0$
find_.sh_me1$
find_.sh_me2$
find_me0.sh$
find_me1.sh$
find_me2.sh$
find_sh$
folder/.sh_find_me0$
folder/.sh_find_me1$
folder/.sh_find_me2$
sh.sh.sh$
