find_sh$
folder/find_me0$
folder/find_me1$
folder/find_me2$
