test_case_05/ft_putchar.o
test_case_05/ft_putstr.o
test_case_05/ft_strcmp.o
test_case_05/ft_strlen.o
test_case_05/ft_swap.o
test_case_05/libft.a
