test_case_00/ft_putchar.o
test_case_00/ft_putstr.o
test_case_00/ft_strcmp.o
test_case_00/ft_strlen.o
test_case_00/ft_swap.o
test_case_00/libft.a
