test_case_04/ft_putchar.o
test_case_04/ft_putstr.o
test_case_04/ft_strcmp.o
test_case_04/ft_strlen.o
test_case_04/ft_swap.o
test_case_04/libft.a
test_case_04/ft_putchar.o
test_case_04/ft_putstr.o
test_case_04/ft_strcmp.o
test_case_04/ft_strlen.o
test_case_04/ft_swap.o
test_case_04/libft.a
test_case_04/libft.a
