test_case_02/ft_display_file
Too many arguments.
Too many arguments.
