./#delete_me0#
./#delete_me1#
./#delete_me2#
./#delete_me3#
./#delete_me4#
./#delete_me5#
