./folder/#delete_me0#
./folder/#delete_me1#
./folder/#delete_me2#
./folder/#delete_me3#
./folder/#delete_me4#
./folder/#delete_me5#
./folder/delete_me0~
./folder/delete_me1~
./folder/delete_me2~
./folder/delete_me3~
./folder/delete_me4~
./folder/delete_me5~
