total *[0-9]{2}
drwx--xr-x *2 *[a-z][-a-z0-9]* *[a-z][-a-z0-9]* *[0-9]* *Jun *1 *(20:47|[0-9]{4}) *test0
-rwx--xr-- *1 *[a-z][-a-z0-9]* *[a-z][-a-z0-9]* *4 *Jun *1 *(21:46|[0-9]{4}) *test1
dr-x---r-- *2 *[a-z][-a-z0-9]* *[a-z][-a-z0-9]* *[0-9]* *Jun  1 *(22:45|[0-9]{4}) *test2
-r-----r-- *2 *[a-z][-a-z0-9]* *[a-z][-a-z0-9]* *1 *Jun *1 *(23:44|[0-9]{4}) *test3
-rw-r----x *1 *[a-z][-a-z0-9]* *[a-z][-a-z0-9]* *2 *Jun *1 *(23:43|[0-9]{4}) *test4
-r-----r-- *2 *[a-z][-a-z0-9]* *[a-z][-a-z0-9]* *1 *Jun *1 *(23:44|[0-9]{4}) *test5
l[-rwx]{9} *1 *[a-z][-a-z0-9]* *[a-z][-a-z0-9]* *5 *Jun *1 *(22:20|[0-9]{4}) *test6 *-> *test0
